Archive member included to satisfy reference by file (symbol)

c:/program files (x86)/atmel/studio/7.0/toolchain/avr8/avr8-gnu-toolchain/bin/../lib/gcc/avr/5.4.0/../../../../avr/lib/avr5\libm.a(addsf3.o)
                              HAL/PWM/src/PWM.o (__subsf3)
c:/program files (x86)/atmel/studio/7.0/toolchain/avr8/avr8-gnu-toolchain/bin/../lib/gcc/avr/5.4.0/../../../../avr/lib/avr5\libm.a(addsf3x.o)
                              c:/program files (x86)/atmel/studio/7.0/toolchain/avr8/avr8-gnu-toolchain/bin/../lib/gcc/avr/5.4.0/../../../../avr/lib/avr5\libm.a(addsf3.o) (__addsf3x)
c:/program files (x86)/atmel/studio/7.0/toolchain/avr8/avr8-gnu-toolchain/bin/../lib/gcc/avr/5.4.0/../../../../avr/lib/avr5\libm.a(divsf3.o)
                              HAL/PWM/src/PWM.o (__divsf3)
c:/program files (x86)/atmel/studio/7.0/toolchain/avr8/avr8-gnu-toolchain/bin/../lib/gcc/avr/5.4.0/../../../../avr/lib/avr5\libm.a(divsf3x.o)
                              c:/program files (x86)/atmel/studio/7.0/toolchain/avr8/avr8-gnu-toolchain/bin/../lib/gcc/avr/5.4.0/../../../../avr/lib/avr5\libm.a(divsf3.o) (__divsf3x)
c:/program files (x86)/atmel/studio/7.0/toolchain/avr8/avr8-gnu-toolchain/bin/../lib/gcc/avr/5.4.0/../../../../avr/lib/avr5\libm.a(fixunssfsi.o)
                              HAL/PWM/src/PWM.o (__fixunssfsi)
c:/program files (x86)/atmel/studio/7.0/toolchain/avr8/avr8-gnu-toolchain/bin/../lib/gcc/avr/5.4.0/../../../../avr/lib/avr5\libm.a(floatsisf.o)
                              HAL/PWM/src/PWM.o (__floatunsisf)
c:/program files (x86)/atmel/studio/7.0/toolchain/avr8/avr8-gnu-toolchain/bin/../lib/gcc/avr/5.4.0/../../../../avr/lib/avr5\libm.a(fp_inf.o)
                              c:/program files (x86)/atmel/studio/7.0/toolchain/avr8/avr8-gnu-toolchain/bin/../lib/gcc/avr/5.4.0/../../../../avr/lib/avr5\libm.a(addsf3x.o) (__fp_inf)
c:/program files (x86)/atmel/studio/7.0/toolchain/avr8/avr8-gnu-toolchain/bin/../lib/gcc/avr/5.4.0/../../../../avr/lib/avr5\libm.a(fp_nan.o)
                              c:/program files (x86)/atmel/studio/7.0/toolchain/avr8/avr8-gnu-toolchain/bin/../lib/gcc/avr/5.4.0/../../../../avr/lib/avr5\libm.a(addsf3x.o) (__fp_nan)
c:/program files (x86)/atmel/studio/7.0/toolchain/avr8/avr8-gnu-toolchain/bin/../lib/gcc/avr/5.4.0/../../../../avr/lib/avr5\libm.a(fp_pscA.o)
                              c:/program files (x86)/atmel/studio/7.0/toolchain/avr8/avr8-gnu-toolchain/bin/../lib/gcc/avr/5.4.0/../../../../avr/lib/avr5\libm.a(addsf3x.o) (__fp_pscA)
c:/program files (x86)/atmel/studio/7.0/toolchain/avr8/avr8-gnu-toolchain/bin/../lib/gcc/avr/5.4.0/../../../../avr/lib/avr5\libm.a(fp_pscB.o)
                              c:/program files (x86)/atmel/studio/7.0/toolchain/avr8/avr8-gnu-toolchain/bin/../lib/gcc/avr/5.4.0/../../../../avr/lib/avr5\libm.a(addsf3x.o) (__fp_pscB)
c:/program files (x86)/atmel/studio/7.0/toolchain/avr8/avr8-gnu-toolchain/bin/../lib/gcc/avr/5.4.0/../../../../avr/lib/avr5\libm.a(fp_round.o)
                              c:/program files (x86)/atmel/studio/7.0/toolchain/avr8/avr8-gnu-toolchain/bin/../lib/gcc/avr/5.4.0/../../../../avr/lib/avr5\libm.a(addsf3.o) (__fp_round)
c:/program files (x86)/atmel/studio/7.0/toolchain/avr8/avr8-gnu-toolchain/bin/../lib/gcc/avr/5.4.0/../../../../avr/lib/avr5\libm.a(fp_split3.o)
                              c:/program files (x86)/atmel/studio/7.0/toolchain/avr8/avr8-gnu-toolchain/bin/../lib/gcc/avr/5.4.0/../../../../avr/lib/avr5\libm.a(addsf3x.o) (__fp_split3)
c:/program files (x86)/atmel/studio/7.0/toolchain/avr8/avr8-gnu-toolchain/bin/../lib/gcc/avr/5.4.0/../../../../avr/lib/avr5\libm.a(fp_zero.o)
                              c:/program files (x86)/atmel/studio/7.0/toolchain/avr8/avr8-gnu-toolchain/bin/../lib/gcc/avr/5.4.0/../../../../avr/lib/avr5\libm.a(addsf3x.o) (__fp_zero)
c:/program files (x86)/atmel/studio/7.0/toolchain/avr8/avr8-gnu-toolchain/bin/../lib/gcc/avr/5.4.0/../../../../avr/lib/avr5\libm.a(mulsf3.o)
                              HAL/PWM/src/PWM.o (__mulsf3)
c:/program files (x86)/atmel/studio/7.0/toolchain/avr8/avr8-gnu-toolchain/bin/../lib/gcc/avr/5.4.0/../../../../avr/lib/avr5\libm.a(mulsf3x.o)
                              c:/program files (x86)/atmel/studio/7.0/toolchain/avr8/avr8-gnu-toolchain/bin/../lib/gcc/avr/5.4.0/../../../../avr/lib/avr5\libm.a(mulsf3.o) (__mulsf3x)
c:/program files (x86)/atmel/studio/7.0/toolchain/avr8/avr8-gnu-toolchain/bin/../lib/gcc/avr/5.4.0/avr5\libgcc.a(_udivmodsi4.o)
                              MCAL/UART/src/UART.o (__udivmodsi4)
c:/program files (x86)/atmel/studio/7.0/toolchain/avr8/avr8-gnu-toolchain/bin/../lib/gcc/avr/5.4.0/avr5\libgcc.a(_exit.o)
                              c:/program files (x86)/atmel/studio/7.0/toolchain/avr8/avr8-gnu-toolchain/bin/../lib/gcc/avr/5.4.0/../../../../avr/lib/avr5/crtatmega32.o (exit)
c:/program files (x86)/atmel/studio/7.0/toolchain/avr8/avr8-gnu-toolchain/bin/../lib/gcc/avr/5.4.0/avr5\libgcc.a(_tablejump2.o)
                              MCAL/TIMER/TIMER1/src/TIMER1.o (__tablejump2__)
c:/program files (x86)/atmel/studio/7.0/toolchain/avr8/avr8-gnu-toolchain/bin/../lib/gcc/avr/5.4.0/avr5\libgcc.a(_copy_data.o)
                              HAL/Keypad/src/Keypad.o (__do_copy_data)
c:/program files (x86)/atmel/studio/7.0/toolchain/avr8/avr8-gnu-toolchain/bin/../lib/gcc/avr/5.4.0/avr5\libgcc.a(_clear_bss.o)
                              HAL/ULTRASONIC/src/Ultrasonic.o (__do_clear_bss)

Allocating common symbols
Common symbol       size              file

OVF_Count           0x4               HAL/ULTRASONIC/src/Ultrasonic.o

Discarded input sections

 .data          0x00000000        0x0 c:/program files (x86)/atmel/studio/7.0/toolchain/avr8/avr8-gnu-toolchain/bin/../lib/gcc/avr/5.4.0/../../../../avr/lib/avr5/crtatmega32.o
 .bss           0x00000000        0x0 c:/program files (x86)/atmel/studio/7.0/toolchain/avr8/avr8-gnu-toolchain/bin/../lib/gcc/avr/5.4.0/../../../../avr/lib/avr5/crtatmega32.o
 .text          0x00000000        0x0 HAL/Keypad/src/Keypad.o
 .data          0x00000000        0x0 HAL/Keypad/src/Keypad.o
 .bss           0x00000000        0x0 HAL/Keypad/src/Keypad.o
 .text.Keypad_Init
                0x00000000       0x42 HAL/Keypad/src/Keypad.o
 .text.GetKey   0x00000000       0xf4 HAL/Keypad/src/Keypad.o
 .data.Keypad   0x00000000       0x10 HAL/Keypad/src/Keypad.o
 .data.KeypadCols
                0x00000000        0x4 HAL/Keypad/src/Keypad.o
 .data.KeypadRows
                0x00000000        0x4 HAL/Keypad/src/Keypad.o
 .debug_info    0x00000000      0x380 HAL/Keypad/src/Keypad.o
 .debug_abbrev  0x00000000      0x103 HAL/Keypad/src/Keypad.o
 .debug_loc     0x00000000      0x197 HAL/Keypad/src/Keypad.o
 .debug_aranges
                0x00000000       0x28 HAL/Keypad/src/Keypad.o
 .debug_ranges  0x00000000       0x18 HAL/Keypad/src/Keypad.o
 .debug_line    0x00000000      0x139 HAL/Keypad/src/Keypad.o
 .debug_str     0x00000000      0x3a5 HAL/Keypad/src/Keypad.o
 .comment       0x00000000       0x31 HAL/Keypad/src/Keypad.o
 .debug_frame   0x00000000       0x84 HAL/Keypad/src/Keypad.o
 .text          0x00000000        0x0 HAL/LCD/src/LCD.o
 .data          0x00000000        0x0 HAL/LCD/src/LCD.o
 .bss           0x00000000        0x0 HAL/LCD/src/LCD.o
 .text.LCD_SetPos
                0x00000000       0x22 HAL/LCD/src/LCD.o
 .text.LCD_Custom_Char
                0x00000000       0x36 HAL/LCD/src/LCD.o
 .text          0x00000000        0x0 HAL/LED/src/LED.o
 .data          0x00000000        0x0 HAL/LED/src/LED.o
 .bss           0x00000000        0x0 HAL/LED/src/LED.o
 .text.LED_ON   0x00000000        0x8 HAL/LED/src/LED.o
 .text.LED_OFF  0x00000000        0x8 HAL/LED/src/LED.o
 .text.LED_Toggle
                0x00000000        0x6 HAL/LED/src/LED.o
 .debug_info    0x00000000      0x21a HAL/LED/src/LED.o
 .debug_abbrev  0x00000000       0x98 HAL/LED/src/LED.o
 .debug_loc     0x00000000       0x63 HAL/LED/src/LED.o
 .debug_aranges
                0x00000000       0x30 HAL/LED/src/LED.o
 .debug_ranges  0x00000000       0x20 HAL/LED/src/LED.o
 .debug_line    0x00000000       0xb9 HAL/LED/src/LED.o
 .debug_str     0x00000000      0x37e HAL/LED/src/LED.o
 .comment       0x00000000       0x31 HAL/LED/src/LED.o
 .debug_frame   0x00000000       0x44 HAL/LED/src/LED.o
 .text          0x00000000        0x0 HAL/LM35/src/LM35.o
 .data          0x00000000        0x0 HAL/LM35/src/LM35.o
 .bss           0x00000000        0x0 HAL/LM35/src/LM35.o
 .text.LM35_Init
                0x00000000        0x6 HAL/LM35/src/LM35.o
 .text.LM35_Read
                0x00000000        0xe HAL/LM35/src/LM35.o
 .debug_info    0x00000000      0x206 HAL/LM35/src/LM35.o
 .debug_abbrev  0x00000000       0xf5 HAL/LM35/src/LM35.o
 .debug_loc     0x00000000       0x9e HAL/LM35/src/LM35.o
 .debug_aranges
                0x00000000       0x28 HAL/LM35/src/LM35.o
 .debug_ranges  0x00000000       0x18 HAL/LM35/src/LM35.o
 .debug_line    0x00000000       0xab HAL/LM35/src/LM35.o
 .debug_str     0x00000000      0x300 HAL/LM35/src/LM35.o
 .comment       0x00000000       0x31 HAL/LM35/src/LM35.o
 .debug_frame   0x00000000       0x34 HAL/LM35/src/LM35.o
 .text          0x00000000        0x0 HAL/Motor/src/motors.o
 .data          0x00000000        0x0 HAL/Motor/src/motors.o
 .bss           0x00000000        0x0 HAL/Motor/src/motors.o
 .text          0x00000000        0x0 HAL/PWM/src/PWM.o
 .data          0x00000000        0x0 HAL/PWM/src/PWM.o
 .bss           0x00000000        0x0 HAL/PWM/src/PWM.o
 .rodata        0x00000000        0x8 HAL/PWM/src/PWM.o
 .text.PWM_Generate_COM1A
                0x00000000       0x90 HAL/PWM/src/PWM.o
 .debug_info    0x00000000      0x43a HAL/PWM/src/PWM.o
 .debug_abbrev  0x00000000      0x11a HAL/PWM/src/PWM.o
 .debug_loc     0x00000000       0xe3 HAL/PWM/src/PWM.o
 .debug_aranges
                0x00000000       0x20 HAL/PWM/src/PWM.o
 .debug_ranges  0x00000000       0x10 HAL/PWM/src/PWM.o
 .debug_line    0x00000000       0xe7 HAL/PWM/src/PWM.o
 .debug_str     0x00000000      0x65f HAL/PWM/src/PWM.o
 .comment       0x00000000       0x31 HAL/PWM/src/PWM.o
 .debug_frame   0x00000000       0x3c HAL/PWM/src/PWM.o
 .text          0x00000000        0x0 HAL/ServoMotor/src/servomotor.o
 .data          0x00000000        0x0 HAL/ServoMotor/src/servomotor.o
 .bss           0x00000000        0x0 HAL/ServoMotor/src/servomotor.o
 .text          0x00000000        0x0 HAL/SSD/src/SSD.o
 .data          0x00000000        0x0 HAL/SSD/src/SSD.o
 .bss           0x00000000        0x0 HAL/SSD/src/SSD.o
 .text.SSD_Init
                0x00000000       0x4a HAL/SSD/src/SSD.o
 .text.SSD_Display
                0x00000000       0x80 HAL/SSD/src/SSD.o
 .text.SSD_Display_With_Delay
                0x00000000       0x62 HAL/SSD/src/SSD.o
 .debug_info    0x00000000      0x520 HAL/SSD/src/SSD.o
 .debug_abbrev  0x00000000      0x15d HAL/SSD/src/SSD.o
 .debug_loc     0x00000000      0x2d9 HAL/SSD/src/SSD.o
 .debug_aranges
                0x00000000       0x30 HAL/SSD/src/SSD.o
 .debug_ranges  0x00000000       0x20 HAL/SSD/src/SSD.o
 .debug_line    0x00000000      0x21d HAL/SSD/src/SSD.o
 .debug_str     0x00000000      0x47e HAL/SSD/src/SSD.o
 .comment       0x00000000       0x31 HAL/SSD/src/SSD.o
 .debug_frame   0x00000000       0x80 HAL/SSD/src/SSD.o
 .text          0x00000000        0x0 HAL/ULTRASONIC/src/Ultrasonic.o
 .data          0x00000000        0x0 HAL/ULTRASONIC/src/Ultrasonic.o
 .bss           0x00000000        0x0 HAL/ULTRASONIC/src/Ultrasonic.o
 .text          0x00000000        0x0 main.o
 .data          0x00000000        0x0 main.o
 .bss           0x00000000        0x0 main.o
 .bss.x         0x00000000        0x1 main.o
 .text          0x00000000        0x0 MCAL/ADC/src/ADC.o
 .data          0x00000000        0x0 MCAL/ADC/src/ADC.o
 .bss           0x00000000        0x0 MCAL/ADC/src/ADC.o
 .text.ADC_Init
                0x00000000       0x16 MCAL/ADC/src/ADC.o
 .text.ADC_Read
                0x00000000       0x1c MCAL/ADC/src/ADC.o
 .debug_info    0x00000000      0x1bc MCAL/ADC/src/ADC.o
 .debug_abbrev  0x00000000       0xca MCAL/ADC/src/ADC.o
 .debug_loc     0x00000000       0x75 MCAL/ADC/src/ADC.o
 .debug_aranges
                0x00000000       0x28 MCAL/ADC/src/ADC.o
 .debug_ranges  0x00000000       0x18 MCAL/ADC/src/ADC.o
 .debug_line    0x00000000       0xc9 MCAL/ADC/src/ADC.o
 .debug_str     0x00000000      0x2e6 MCAL/ADC/src/ADC.o
 .comment       0x00000000       0x31 MCAL/ADC/src/ADC.o
 .debug_frame   0x00000000       0x34 MCAL/ADC/src/ADC.o
 .text          0x00000000        0x0 MCAL/DIO/src/DIO.o
 .data          0x00000000        0x0 MCAL/DIO/src/DIO.o
 .bss           0x00000000        0x0 MCAL/DIO/src/DIO.o
 .text.DIO_ReadChannel
                0x00000000       0x66 MCAL/DIO/src/DIO.o
 .text.DIO_ToggleChannel
                0x00000000       0x82 MCAL/DIO/src/DIO.o
 .text.DIO_WriteChannelGroup
                0x00000000       0x50 MCAL/DIO/src/DIO.o
 .text          0x00000000        0x0 MCAL/DIO/src/DIO_CFG.o
 .data          0x00000000        0x0 MCAL/DIO/src/DIO_CFG.o
 .bss           0x00000000        0x0 MCAL/DIO/src/DIO_CFG.o
 .text          0x00000000        0x0 MCAL/EEPROM/src/EEPROM.o
 .data          0x00000000        0x0 MCAL/EEPROM/src/EEPROM.o
 .bss           0x00000000        0x0 MCAL/EEPROM/src/EEPROM.o
 .text.EEPROMWriteBYTE
                0x00000000       0x40 MCAL/EEPROM/src/EEPROM.o
 .text.EEPROM_ReadByte
                0x00000000       0x64 MCAL/EEPROM/src/EEPROM.o
 .debug_info    0x00000000      0x242 MCAL/EEPROM/src/EEPROM.o
 .debug_abbrev  0x00000000       0xd2 MCAL/EEPROM/src/EEPROM.o
 .debug_loc     0x00000000      0x272 MCAL/EEPROM/src/EEPROM.o
 .debug_aranges
                0x00000000       0x28 MCAL/EEPROM/src/EEPROM.o
 .debug_ranges  0x00000000       0x18 MCAL/EEPROM/src/EEPROM.o
 .debug_line    0x00000000       0xeb MCAL/EEPROM/src/EEPROM.o
 .debug_str     0x00000000      0x219 MCAL/EEPROM/src/EEPROM.o
 .comment       0x00000000       0x31 MCAL/EEPROM/src/EEPROM.o
 .debug_frame   0x00000000       0x60 MCAL/EEPROM/src/EEPROM.o
 .text          0x00000000        0x0 MCAL/Ext_Int/src/Ext_Int.o
 .data          0x00000000        0x0 MCAL/Ext_Int/src/Ext_Int.o
 .bss           0x00000000        0x0 MCAL/Ext_Int/src/Ext_Int.o
 .text.Ext_Interrupt_Enable
                0x00000000       0x24 MCAL/Ext_Int/src/Ext_Int.o
 .text.Ext_Interrupt_Disable
                0x00000000       0x24 MCAL/Ext_Int/src/Ext_Int.o
 .text.Ext_Interrupt_Sncontrol
                0x00000000       0x38 MCAL/Ext_Int/src/Ext_Int.o
 .text.Ext_Int_SetCallBack
                0x00000000       0x2a MCAL/Ext_Int/src/Ext_Int.o
 .text          0x00000000        0x0 MCAL/GINT/src/GINT.o
 .data          0x00000000        0x0 MCAL/GINT/src/GINT.o
 .bss           0x00000000        0x0 MCAL/GINT/src/GINT.o
 .text.GINT_DisableAllInterrupts
                0x00000000        0x8 MCAL/GINT/src/GINT.o
 .text          0x00000000        0x0 MCAL/SPI/src/SPI.o
 .data          0x00000000        0x0 MCAL/SPI/src/SPI.o
 .bss           0x00000000        0x0 MCAL/SPI/src/SPI.o
 .text.SPI_Init
                0x00000000       0x6a MCAL/SPI/src/SPI.o
 .text.SPI_TxRx
                0x00000000        0xa MCAL/SPI/src/SPI.o
 .text.SPI_SlaveEnable
                0x00000000       0x16 MCAL/SPI/src/SPI.o
 .text.SPI_SlaveDisable
                0x00000000       0x16 MCAL/SPI/src/SPI.o
 .debug_info    0x00000000      0x539 MCAL/SPI/src/SPI.o
 .debug_abbrev  0x00000000      0x12b MCAL/SPI/src/SPI.o
 .debug_loc     0x00000000      0x120 MCAL/SPI/src/SPI.o
 .debug_aranges
                0x00000000       0x38 MCAL/SPI/src/SPI.o
 .debug_ranges  0x00000000       0x28 MCAL/SPI/src/SPI.o
 .debug_line    0x00000000      0x182 MCAL/SPI/src/SPI.o
 .debug_str     0x00000000      0x4dc MCAL/SPI/src/SPI.o
 .comment       0x00000000       0x31 MCAL/SPI/src/SPI.o
 .debug_frame   0x00000000       0x70 MCAL/SPI/src/SPI.o
 .text          0x00000000        0x0 MCAL/TIMER/TIMER1/src/TIMER1.o
 .data          0x00000000        0x0 MCAL/TIMER/TIMER1/src/TIMER1.o
 .bss           0x00000000        0x0 MCAL/TIMER/TIMER1/src/TIMER1.o
 .text.TIMER1_OC1AInt_SetCallBack
                0x00000000        0xa MCAL/TIMER/TIMER1/src/TIMER1.o
 .text.TIMER1_OC1BInt_SetCallBack
                0x00000000        0xa MCAL/TIMER/TIMER1/src/TIMER1.o
 .text.TIMER1_ICUInt_SetCallBack
                0x00000000        0xa MCAL/TIMER/TIMER1/src/TIMER1.o
 .text.TIMER1_OCR1B_SetValue
                0x00000000        0x6 MCAL/TIMER/TIMER1/src/TIMER1.o
 .text          0x00000000        0x0 MCAL/TWI/src/TWI.o
 .data          0x00000000        0x0 MCAL/TWI/src/TWI.o
 .bss           0x00000000        0x0 MCAL/TWI/src/TWI.o
 .text.TWI_Init
                0x00000000        0x8 MCAL/TWI/src/TWI.o
 .text.TWI_Send
                0x00000000       0x2c MCAL/TWI/src/TWI.o
 .text.TWI_Start
                0x00000000       0x2a MCAL/TWI/src/TWI.o
 .text.TWI_Stop
                0x00000000       0x20 MCAL/TWI/src/TWI.o
 .text.TWI_Status
                0x00000000        0x6 MCAL/TWI/src/TWI.o
 .text.TWI_Read_Ack
                0x00000000       0x30 MCAL/TWI/src/TWI.o
 .text.TWI_Read_NAck
                0x00000000       0x30 MCAL/TWI/src/TWI.o
 .debug_info    0x00000000      0x30d MCAL/TWI/src/TWI.o
 .debug_abbrev  0x00000000      0x155 MCAL/TWI/src/TWI.o
 .debug_loc     0x00000000       0xaa MCAL/TWI/src/TWI.o
 .debug_aranges
                0x00000000       0x50 MCAL/TWI/src/TWI.o
 .debug_ranges  0x00000000       0x40 MCAL/TWI/src/TWI.o
 .debug_line    0x00000000      0x1fb MCAL/TWI/src/TWI.o
 .debug_str     0x00000000      0x2a1 MCAL/TWI/src/TWI.o
 .comment       0x00000000       0x31 MCAL/TWI/src/TWI.o
 .debug_frame   0x00000000       0x84 MCAL/TWI/src/TWI.o
 .text          0x00000000        0x0 MCAL/UART/src/UART.o
 .data          0x00000000        0x0 MCAL/UART/src/UART.o
 .bss           0x00000000        0x0 MCAL/UART/src/UART.o
 .text.UART_Init
                0x00000000       0x9a MCAL/UART/src/UART.o
 .text.UART_Transmite
                0x00000000        0x8 MCAL/UART/src/UART.o
 .text.UART_Receive
                0x00000000        0x8 MCAL/UART/src/UART.o
 .text.UART_TransmiteString
                0x00000000       0x2c MCAL/UART/src/UART.o
 .debug_info    0x00000000      0x4b7 MCAL/UART/src/UART.o
 .debug_abbrev  0x00000000      0x162 MCAL/UART/src/UART.o
 .debug_loc     0x00000000      0x11e MCAL/UART/src/UART.o
 .debug_aranges
                0x00000000       0x38 MCAL/UART/src/UART.o
 .debug_ranges  0x00000000       0x28 MCAL/UART/src/UART.o
 .debug_line    0x00000000      0x14b MCAL/UART/src/UART.o
 .debug_str     0x00000000      0x506 MCAL/UART/src/UART.o
 .comment       0x00000000       0x31 MCAL/UART/src/UART.o
 .debug_frame   0x00000000       0x70 MCAL/UART/src/UART.o
 .text          0x00000000        0x0 c:/program files (x86)/atmel/studio/7.0/toolchain/avr8/avr8-gnu-toolchain/bin/../lib/gcc/avr/5.4.0/../../../../avr/lib/avr5\libm.a(addsf3.o)
 .data          0x00000000        0x0 c:/program files (x86)/atmel/studio/7.0/toolchain/avr8/avr8-gnu-toolchain/bin/../lib/gcc/avr/5.4.0/../../../../avr/lib/avr5\libm.a(addsf3.o)
 .bss           0x00000000        0x0 c:/program files (x86)/atmel/studio/7.0/toolchain/avr8/avr8-gnu-toolchain/bin/../lib/gcc/avr/5.4.0/../../../../avr/lib/avr5\libm.a(addsf3.o)
 .text.avr-libc.fplib
                0x00000000        0xe c:/program files (x86)/atmel/studio/7.0/toolchain/avr8/avr8-gnu-toolchain/bin/../lib/gcc/avr/5.4.0/../../../../avr/lib/avr5\libm.a(addsf3.o)
 .text          0x00000000        0x0 c:/program files (x86)/atmel/studio/7.0/toolchain/avr8/avr8-gnu-toolchain/bin/../lib/gcc/avr/5.4.0/../../../../avr/lib/avr5\libm.a(addsf3x.o)
 .data          0x00000000        0x0 c:/program files (x86)/atmel/studio/7.0/toolchain/avr8/avr8-gnu-toolchain/bin/../lib/gcc/avr/5.4.0/../../../../avr/lib/avr5\libm.a(addsf3x.o)
 .bss           0x00000000        0x0 c:/program files (x86)/atmel/studio/7.0/toolchain/avr8/avr8-gnu-toolchain/bin/../lib/gcc/avr/5.4.0/../../../../avr/lib/avr5\libm.a(addsf3x.o)
 .text.avr-libc.fplib
                0x00000000       0xcc c:/program files (x86)/atmel/studio/7.0/toolchain/avr8/avr8-gnu-toolchain/bin/../lib/gcc/avr/5.4.0/../../../../avr/lib/avr5\libm.a(addsf3x.o)
 .text          0x00000000        0x0 c:/program files (x86)/atmel/studio/7.0/toolchain/avr8/avr8-gnu-toolchain/bin/../lib/gcc/avr/5.4.0/../../../../avr/lib/avr5\libm.a(divsf3.o)
 .data          0x00000000        0x0 c:/program files (x86)/atmel/studio/7.0/toolchain/avr8/avr8-gnu-toolchain/bin/../lib/gcc/avr/5.4.0/../../../../avr/lib/avr5\libm.a(divsf3.o)
 .bss           0x00000000        0x0 c:/program files (x86)/atmel/studio/7.0/toolchain/avr8/avr8-gnu-toolchain/bin/../lib/gcc/avr/5.4.0/../../../../avr/lib/avr5\libm.a(divsf3.o)
 .text          0x00000000        0x0 c:/program files (x86)/atmel/studio/7.0/toolchain/avr8/avr8-gnu-toolchain/bin/../lib/gcc/avr/5.4.0/../../../../avr/lib/avr5\libm.a(divsf3x.o)
 .data          0x00000000        0x0 c:/program files (x86)/atmel/studio/7.0/toolchain/avr8/avr8-gnu-toolchain/bin/../lib/gcc/avr/5.4.0/../../../../avr/lib/avr5\libm.a(divsf3x.o)
 .bss           0x00000000        0x0 c:/program files (x86)/atmel/studio/7.0/toolchain/avr8/avr8-gnu-toolchain/bin/../lib/gcc/avr/5.4.0/../../../../avr/lib/avr5\libm.a(divsf3x.o)
 .text          0x00000000        0x0 c:/program files (x86)/atmel/studio/7.0/toolchain/avr8/avr8-gnu-toolchain/bin/../lib/gcc/avr/5.4.0/../../../../avr/lib/avr5\libm.a(fixunssfsi.o)
 .data          0x00000000        0x0 c:/program files (x86)/atmel/studio/7.0/toolchain/avr8/avr8-gnu-toolchain/bin/../lib/gcc/avr/5.4.0/../../../../avr/lib/avr5\libm.a(fixunssfsi.o)
 .bss           0x00000000        0x0 c:/program files (x86)/atmel/studio/7.0/toolchain/avr8/avr8-gnu-toolchain/bin/../lib/gcc/avr/5.4.0/../../../../avr/lib/avr5\libm.a(fixunssfsi.o)
 .text          0x00000000        0x0 c:/program files (x86)/atmel/studio/7.0/toolchain/avr8/avr8-gnu-toolchain/bin/../lib/gcc/avr/5.4.0/../../../../avr/lib/avr5\libm.a(floatsisf.o)
 .data          0x00000000        0x0 c:/program files (x86)/atmel/studio/7.0/toolchain/avr8/avr8-gnu-toolchain/bin/../lib/gcc/avr/5.4.0/../../../../avr/lib/avr5\libm.a(floatsisf.o)
 .bss           0x00000000        0x0 c:/program files (x86)/atmel/studio/7.0/toolchain/avr8/avr8-gnu-toolchain/bin/../lib/gcc/avr/5.4.0/../../../../avr/lib/avr5\libm.a(floatsisf.o)
 .text          0x00000000        0x0 c:/program files (x86)/atmel/studio/7.0/toolchain/avr8/avr8-gnu-toolchain/bin/../lib/gcc/avr/5.4.0/../../../../avr/lib/avr5\libm.a(fp_inf.o)
 .data          0x00000000        0x0 c:/program files (x86)/atmel/studio/7.0/toolchain/avr8/avr8-gnu-toolchain/bin/../lib/gcc/avr/5.4.0/../../../../avr/lib/avr5\libm.a(fp_inf.o)
 .bss           0x00000000        0x0 c:/program files (x86)/atmel/studio/7.0/toolchain/avr8/avr8-gnu-toolchain/bin/../lib/gcc/avr/5.4.0/../../../../avr/lib/avr5\libm.a(fp_inf.o)
 .text          0x00000000        0x0 c:/program files (x86)/atmel/studio/7.0/toolchain/avr8/avr8-gnu-toolchain/bin/../lib/gcc/avr/5.4.0/../../../../avr/lib/avr5\libm.a(fp_nan.o)
 .data          0x00000000        0x0 c:/program files (x86)/atmel/studio/7.0/toolchain/avr8/avr8-gnu-toolchain/bin/../lib/gcc/avr/5.4.0/../../../../avr/lib/avr5\libm.a(fp_nan.o)
 .bss           0x00000000        0x0 c:/program files (x86)/atmel/studio/7.0/toolchain/avr8/avr8-gnu-toolchain/bin/../lib/gcc/avr/5.4.0/../../../../avr/lib/avr5\libm.a(fp_nan.o)
 .text          0x00000000        0x0 c:/program files (x86)/atmel/studio/7.0/toolchain/avr8/avr8-gnu-toolchain/bin/../lib/gcc/avr/5.4.0/../../../../avr/lib/avr5\libm.a(fp_pscA.o)
 .data          0x00000000        0x0 c:/program files (x86)/atmel/studio/7.0/toolchain/avr8/avr8-gnu-toolchain/bin/../lib/gcc/avr/5.4.0/../../../../avr/lib/avr5\libm.a(fp_pscA.o)
 .bss           0x00000000        0x0 c:/program files (x86)/atmel/studio/7.0/toolchain/avr8/avr8-gnu-toolchain/bin/../lib/gcc/avr/5.4.0/../../../../avr/lib/avr5\libm.a(fp_pscA.o)
 .text          0x00000000        0x0 c:/program files (x86)/atmel/studio/7.0/toolchain/avr8/avr8-gnu-toolchain/bin/../lib/gcc/avr/5.4.0/../../../../avr/lib/avr5\libm.a(fp_pscB.o)
 .data          0x00000000        0x0 c:/program files (x86)/atmel/studio/7.0/toolchain/avr8/avr8-gnu-toolchain/bin/../lib/gcc/avr/5.4.0/../../../../avr/lib/avr5\libm.a(fp_pscB.o)
 .bss           0x00000000        0x0 c:/program files (x86)/atmel/studio/7.0/toolchain/avr8/avr8-gnu-toolchain/bin/../lib/gcc/avr/5.4.0/../../../../avr/lib/avr5\libm.a(fp_pscB.o)
 .text          0x00000000        0x0 c:/program files (x86)/atmel/studio/7.0/toolchain/avr8/avr8-gnu-toolchain/bin/../lib/gcc/avr/5.4.0/../../../../avr/lib/avr5\libm.a(fp_round.o)
 .data          0x00000000        0x0 c:/program files (x86)/atmel/studio/7.0/toolchain/avr8/avr8-gnu-toolchain/bin/../lib/gcc/avr/5.4.0/../../../../avr/lib/avr5\libm.a(fp_round.o)
 .bss           0x00000000        0x0 c:/program files (x86)/atmel/studio/7.0/toolchain/avr8/avr8-gnu-toolchain/bin/../lib/gcc/avr/5.4.0/../../../../avr/lib/avr5\libm.a(fp_round.o)
 .text          0x00000000        0x0 c:/program files (x86)/atmel/studio/7.0/toolchain/avr8/avr8-gnu-toolchain/bin/../lib/gcc/avr/5.4.0/../../../../avr/lib/avr5\libm.a(fp_split3.o)
 .data          0x00000000        0x0 c:/program files (x86)/atmel/studio/7.0/toolchain/avr8/avr8-gnu-toolchain/bin/../lib/gcc/avr/5.4.0/../../../../avr/lib/avr5\libm.a(fp_split3.o)
 .bss           0x00000000        0x0 c:/program files (x86)/atmel/studio/7.0/toolchain/avr8/avr8-gnu-toolchain/bin/../lib/gcc/avr/5.4.0/../../../../avr/lib/avr5\libm.a(fp_split3.o)
 .text          0x00000000        0x0 c:/program files (x86)/atmel/studio/7.0/toolchain/avr8/avr8-gnu-toolchain/bin/../lib/gcc/avr/5.4.0/../../../../avr/lib/avr5\libm.a(fp_zero.o)
 .data          0x00000000        0x0 c:/program files (x86)/atmel/studio/7.0/toolchain/avr8/avr8-gnu-toolchain/bin/../lib/gcc/avr/5.4.0/../../../../avr/lib/avr5\libm.a(fp_zero.o)
 .bss           0x00000000        0x0 c:/program files (x86)/atmel/studio/7.0/toolchain/avr8/avr8-gnu-toolchain/bin/../lib/gcc/avr/5.4.0/../../../../avr/lib/avr5\libm.a(fp_zero.o)
 .text          0x00000000        0x0 c:/program files (x86)/atmel/studio/7.0/toolchain/avr8/avr8-gnu-toolchain/bin/../lib/gcc/avr/5.4.0/../../../../avr/lib/avr5\libm.a(mulsf3.o)
 .data          0x00000000        0x0 c:/program files (x86)/atmel/studio/7.0/toolchain/avr8/avr8-gnu-toolchain/bin/../lib/gcc/avr/5.4.0/../../../../avr/lib/avr5\libm.a(mulsf3.o)
 .bss           0x00000000        0x0 c:/program files (x86)/atmel/studio/7.0/toolchain/avr8/avr8-gnu-toolchain/bin/../lib/gcc/avr/5.4.0/../../../../avr/lib/avr5\libm.a(mulsf3.o)
 .text          0x00000000        0x0 c:/program files (x86)/atmel/studio/7.0/toolchain/avr8/avr8-gnu-toolchain/bin/../lib/gcc/avr/5.4.0/../../../../avr/lib/avr5\libm.a(mulsf3x.o)
 .data          0x00000000        0x0 c:/program files (x86)/atmel/studio/7.0/toolchain/avr8/avr8-gnu-toolchain/bin/../lib/gcc/avr/5.4.0/../../../../avr/lib/avr5\libm.a(mulsf3x.o)
 .bss           0x00000000        0x0 c:/program files (x86)/atmel/studio/7.0/toolchain/avr8/avr8-gnu-toolchain/bin/../lib/gcc/avr/5.4.0/../../../../avr/lib/avr5\libm.a(mulsf3x.o)
 .text          0x00000000        0x0 c:/program files (x86)/atmel/studio/7.0/toolchain/avr8/avr8-gnu-toolchain/bin/../lib/gcc/avr/5.4.0/avr5\libgcc.a(_udivmodsi4.o)
 .data          0x00000000        0x0 c:/program files (x86)/atmel/studio/7.0/toolchain/avr8/avr8-gnu-toolchain/bin/../lib/gcc/avr/5.4.0/avr5\libgcc.a(_udivmodsi4.o)
 .bss           0x00000000        0x0 c:/program files (x86)/atmel/studio/7.0/toolchain/avr8/avr8-gnu-toolchain/bin/../lib/gcc/avr/5.4.0/avr5\libgcc.a(_udivmodsi4.o)
 .text.libgcc.mul
                0x00000000        0x0 c:/program files (x86)/atmel/studio/7.0/toolchain/avr8/avr8-gnu-toolchain/bin/../lib/gcc/avr/5.4.0/avr5\libgcc.a(_udivmodsi4.o)
 .text.libgcc.div
                0x00000000       0x44 c:/program files (x86)/atmel/studio/7.0/toolchain/avr8/avr8-gnu-toolchain/bin/../lib/gcc/avr/5.4.0/avr5\libgcc.a(_udivmodsi4.o)
 .text.libgcc   0x00000000        0x0 c:/program files (x86)/atmel/studio/7.0/toolchain/avr8/avr8-gnu-toolchain/bin/../lib/gcc/avr/5.4.0/avr5\libgcc.a(_udivmodsi4.o)
 .text.libgcc.prologue
                0x00000000        0x0 c:/program files (x86)/atmel/studio/7.0/toolchain/avr8/avr8-gnu-toolchain/bin/../lib/gcc/avr/5.4.0/avr5\libgcc.a(_udivmodsi4.o)
 .text.libgcc.builtins
                0x00000000        0x0 c:/program files (x86)/atmel/studio/7.0/toolchain/avr8/avr8-gnu-toolchain/bin/../lib/gcc/avr/5.4.0/avr5\libgcc.a(_udivmodsi4.o)
 .text.libgcc.fmul
                0x00000000        0x0 c:/program files (x86)/atmel/studio/7.0/toolchain/avr8/avr8-gnu-toolchain/bin/../lib/gcc/avr/5.4.0/avr5\libgcc.a(_udivmodsi4.o)
 .text.libgcc.fixed
                0x00000000        0x0 c:/program files (x86)/atmel/studio/7.0/toolchain/avr8/avr8-gnu-toolchain/bin/../lib/gcc/avr/5.4.0/avr5\libgcc.a(_udivmodsi4.o)
 .text          0x00000000        0x0 c:/program files (x86)/atmel/studio/7.0/toolchain/avr8/avr8-gnu-toolchain/bin/../lib/gcc/avr/5.4.0/avr5\libgcc.a(_exit.o)
 .data          0x00000000        0x0 c:/program files (x86)/atmel/studio/7.0/toolchain/avr8/avr8-gnu-toolchain/bin/../lib/gcc/avr/5.4.0/avr5\libgcc.a(_exit.o)
 .bss           0x00000000        0x0 c:/program files (x86)/atmel/studio/7.0/toolchain/avr8/avr8-gnu-toolchain/bin/../lib/gcc/avr/5.4.0/avr5\libgcc.a(_exit.o)
 .text.libgcc.mul
                0x00000000        0x0 c:/program files (x86)/atmel/studio/7.0/toolchain/avr8/avr8-gnu-toolchain/bin/../lib/gcc/avr/5.4.0/avr5\libgcc.a(_exit.o)
 .text.libgcc.div
                0x00000000        0x0 c:/program files (x86)/atmel/studio/7.0/toolchain/avr8/avr8-gnu-toolchain/bin/../lib/gcc/avr/5.4.0/avr5\libgcc.a(_exit.o)
 .text.libgcc   0x00000000        0x0 c:/program files (x86)/atmel/studio/7.0/toolchain/avr8/avr8-gnu-toolchain/bin/../lib/gcc/avr/5.4.0/avr5\libgcc.a(_exit.o)
 .text.libgcc.prologue
                0x00000000        0x0 c:/program files (x86)/atmel/studio/7.0/toolchain/avr8/avr8-gnu-toolchain/bin/../lib/gcc/avr/5.4.0/avr5\libgcc.a(_exit.o)
 .text.libgcc.builtins
                0x00000000        0x0 c:/program files (x86)/atmel/studio/7.0/toolchain/avr8/avr8-gnu-toolchain/bin/../lib/gcc/avr/5.4.0/avr5\libgcc.a(_exit.o)
 .text.libgcc.fmul
                0x00000000        0x0 c:/program files (x86)/atmel/studio/7.0/toolchain/avr8/avr8-gnu-toolchain/bin/../lib/gcc/avr/5.4.0/avr5\libgcc.a(_exit.o)
 .text.libgcc.fixed
                0x00000000        0x0 c:/program files (x86)/atmel/studio/7.0/toolchain/avr8/avr8-gnu-toolchain/bin/../lib/gcc/avr/5.4.0/avr5\libgcc.a(_exit.o)
 .text          0x00000000        0x0 c:/program files (x86)/atmel/studio/7.0/toolchain/avr8/avr8-gnu-toolchain/bin/../lib/gcc/avr/5.4.0/avr5\libgcc.a(_tablejump2.o)
 .data          0x00000000        0x0 c:/program files (x86)/atmel/studio/7.0/toolchain/avr8/avr8-gnu-toolchain/bin/../lib/gcc/avr/5.4.0/avr5\libgcc.a(_tablejump2.o)
 .bss           0x00000000        0x0 c:/program files (x86)/atmel/studio/7.0/toolchain/avr8/avr8-gnu-toolchain/bin/../lib/gcc/avr/5.4.0/avr5\libgcc.a(_tablejump2.o)
 .text.libgcc.mul
                0x00000000        0x0 c:/program files (x86)/atmel/studio/7.0/toolchain/avr8/avr8-gnu-toolchain/bin/../lib/gcc/avr/5.4.0/avr5\libgcc.a(_tablejump2.o)
 .text.libgcc.div
                0x00000000        0x0 c:/program files (x86)/atmel/studio/7.0/toolchain/avr8/avr8-gnu-toolchain/bin/../lib/gcc/avr/5.4.0/avr5\libgcc.a(_tablejump2.o)
 .text.libgcc.prologue
                0x00000000        0x0 c:/program files (x86)/atmel/studio/7.0/toolchain/avr8/avr8-gnu-toolchain/bin/../lib/gcc/avr/5.4.0/avr5\libgcc.a(_tablejump2.o)
 .text.libgcc.builtins
                0x00000000        0x0 c:/program files (x86)/atmel/studio/7.0/toolchain/avr8/avr8-gnu-toolchain/bin/../lib/gcc/avr/5.4.0/avr5\libgcc.a(_tablejump2.o)
 .text.libgcc.fmul
                0x00000000        0x0 c:/program files (x86)/atmel/studio/7.0/toolchain/avr8/avr8-gnu-toolchain/bin/../lib/gcc/avr/5.4.0/avr5\libgcc.a(_tablejump2.o)
 .text.libgcc.fixed
                0x00000000        0x0 c:/program files (x86)/atmel/studio/7.0/toolchain/avr8/avr8-gnu-toolchain/bin/../lib/gcc/avr/5.4.0/avr5\libgcc.a(_tablejump2.o)
 .text          0x00000000        0x0 c:/program files (x86)/atmel/studio/7.0/toolchain/avr8/avr8-gnu-toolchain/bin/../lib/gcc/avr/5.4.0/avr5\libgcc.a(_copy_data.o)
 .data          0x00000000        0x0 c:/program files (x86)/atmel/studio/7.0/toolchain/avr8/avr8-gnu-toolchain/bin/../lib/gcc/avr/5.4.0/avr5\libgcc.a(_copy_data.o)
 .bss           0x00000000        0x0 c:/program files (x86)/atmel/studio/7.0/toolchain/avr8/avr8-gnu-toolchain/bin/../lib/gcc/avr/5.4.0/avr5\libgcc.a(_copy_data.o)
 .text.libgcc.mul
                0x00000000        0x0 c:/program files (x86)/atmel/studio/7.0/toolchain/avr8/avr8-gnu-toolchain/bin/../lib/gcc/avr/5.4.0/avr5\libgcc.a(_copy_data.o)
 .text.libgcc.div
                0x00000000        0x0 c:/program files (x86)/atmel/studio/7.0/toolchain/avr8/avr8-gnu-toolchain/bin/../lib/gcc/avr/5.4.0/avr5\libgcc.a(_copy_data.o)
 .text.libgcc   0x00000000        0x0 c:/program files (x86)/atmel/studio/7.0/toolchain/avr8/avr8-gnu-toolchain/bin/../lib/gcc/avr/5.4.0/avr5\libgcc.a(_copy_data.o)
 .text.libgcc.prologue
                0x00000000        0x0 c:/program files (x86)/atmel/studio/7.0/toolchain/avr8/avr8-gnu-toolchain/bin/../lib/gcc/avr/5.4.0/avr5\libgcc.a(_copy_data.o)
 .text.libgcc.builtins
                0x00000000        0x0 c:/program files (x86)/atmel/studio/7.0/toolchain/avr8/avr8-gnu-toolchain/bin/../lib/gcc/avr/5.4.0/avr5\libgcc.a(_copy_data.o)
 .text.libgcc.fmul
                0x00000000        0x0 c:/program files (x86)/atmel/studio/7.0/toolchain/avr8/avr8-gnu-toolchain/bin/../lib/gcc/avr/5.4.0/avr5\libgcc.a(_copy_data.o)
 .text.libgcc.fixed
                0x00000000        0x0 c:/program files (x86)/atmel/studio/7.0/toolchain/avr8/avr8-gnu-toolchain/bin/../lib/gcc/avr/5.4.0/avr5\libgcc.a(_copy_data.o)
 .text          0x00000000        0x0 c:/program files (x86)/atmel/studio/7.0/toolchain/avr8/avr8-gnu-toolchain/bin/../lib/gcc/avr/5.4.0/avr5\libgcc.a(_clear_bss.o)
 .data          0x00000000        0x0 c:/program files (x86)/atmel/studio/7.0/toolchain/avr8/avr8-gnu-toolchain/bin/../lib/gcc/avr/5.4.0/avr5\libgcc.a(_clear_bss.o)
 .bss           0x00000000        0x0 c:/program files (x86)/atmel/studio/7.0/toolchain/avr8/avr8-gnu-toolchain/bin/../lib/gcc/avr/5.4.0/avr5\libgcc.a(_clear_bss.o)
 .text.libgcc.mul
                0x00000000        0x0 c:/program files (x86)/atmel/studio/7.0/toolchain/avr8/avr8-gnu-toolchain/bin/../lib/gcc/avr/5.4.0/avr5\libgcc.a(_clear_bss.o)
 .text.libgcc.div
                0x00000000        0x0 c:/program files (x86)/atmel/studio/7.0/toolchain/avr8/avr8-gnu-toolchain/bin/../lib/gcc/avr/5.4.0/avr5\libgcc.a(_clear_bss.o)
 .text.libgcc   0x00000000        0x0 c:/program files (x86)/atmel/studio/7.0/toolchain/avr8/avr8-gnu-toolchain/bin/../lib/gcc/avr/5.4.0/avr5\libgcc.a(_clear_bss.o)
 .text.libgcc.prologue
                0x00000000        0x0 c:/program files (x86)/atmel/studio/7.0/toolchain/avr8/avr8-gnu-toolchain/bin/../lib/gcc/avr/5.4.0/avr5\libgcc.a(_clear_bss.o)
 .text.libgcc.builtins
                0x00000000        0x0 c:/program files (x86)/atmel/studio/7.0/toolchain/avr8/avr8-gnu-toolchain/bin/../lib/gcc/avr/5.4.0/avr5\libgcc.a(_clear_bss.o)
 .text.libgcc.fmul
                0x00000000        0x0 c:/program files (x86)/atmel/studio/7.0/toolchain/avr8/avr8-gnu-toolchain/bin/../lib/gcc/avr/5.4.0/avr5\libgcc.a(_clear_bss.o)
 .text.libgcc.fixed
                0x00000000        0x0 c:/program files (x86)/atmel/studio/7.0/toolchain/avr8/avr8-gnu-toolchain/bin/../lib/gcc/avr/5.4.0/avr5\libgcc.a(_clear_bss.o)

Memory Configuration

Name             Origin             Length             Attributes
text             0x00000000         0x00008000         xr
data             0x00800060         0x00000800         rw !x
eeprom           0x00810000         0x00000400         rw !x
fuse             0x00820000         0x00000002         rw !x
lock             0x00830000         0x00000400         rw !x
signature        0x00840000         0x00000400         rw !x
user_signatures  0x00850000         0x00000400         rw !x
*default*        0x00000000         0xffffffff

Linker script and memory map

LOAD c:/program files (x86)/atmel/studio/7.0/toolchain/avr8/avr8-gnu-toolchain/bin/../lib/gcc/avr/5.4.0/../../../../avr/lib/avr5/crtatmega32.o
LOAD HAL/Keypad/src/Keypad.o
LOAD HAL/LCD/src/LCD.o
LOAD HAL/LED/src/LED.o
LOAD HAL/LM35/src/LM35.o
LOAD HAL/Motor/src/motors.o
LOAD HAL/PWM/src/PWM.o
LOAD HAL/ServoMotor/src/servomotor.o
LOAD HAL/SSD/src/SSD.o
LOAD HAL/ULTRASONIC/src/Ultrasonic.o
LOAD main.o
LOAD MCAL/ADC/src/ADC.o
LOAD MCAL/DIO/src/DIO.o
LOAD MCAL/DIO/src/DIO_CFG.o
LOAD MCAL/EEPROM/src/EEPROM.o
LOAD MCAL/Ext_Int/src/Ext_Int.o
LOAD MCAL/GINT/src/GINT.o
LOAD MCAL/SPI/src/SPI.o
LOAD MCAL/TIMER/TIMER1/src/TIMER1.o
LOAD MCAL/TWI/src/TWI.o
LOAD MCAL/UART/src/UART.o
START GROUP
LOAD c:/program files (x86)/atmel/studio/7.0/toolchain/avr8/avr8-gnu-toolchain/bin/../lib/gcc/avr/5.4.0/../../../../avr/lib/avr5\libm.a
END GROUP
START GROUP
LOAD c:/program files (x86)/atmel/studio/7.0/toolchain/avr8/avr8-gnu-toolchain/bin/../lib/gcc/avr/5.4.0/avr5\libgcc.a
LOAD c:/program files (x86)/atmel/studio/7.0/toolchain/avr8/avr8-gnu-toolchain/bin/../lib/gcc/avr/5.4.0/../../../../avr/lib/avr5\libm.a
LOAD c:/program files (x86)/atmel/studio/7.0/toolchain/avr8/avr8-gnu-toolchain/bin/../lib/gcc/avr/5.4.0/../../../../avr/lib/avr5\libc.a
LOAD c:/program files (x86)/atmel/studio/7.0/toolchain/avr8/avr8-gnu-toolchain/bin/../lib/gcc/avr/5.4.0/../../../../avr/lib/avr5\libatmega32.a
END GROUP
                0x00000000                __TEXT_REGION_ORIGIN__ = DEFINED (__TEXT_REGION_ORIGIN__)?__TEXT_REGION_ORIGIN__:0x0
                [0x00800060]                __DATA_REGION_ORIGIN__ = DEFINED (__DATA_REGION_ORIGIN__)?__DATA_REGION_ORIGIN__:0x800060
                [0x00008000]                __TEXT_REGION_LENGTH__ = DEFINED (__TEXT_REGION_LENGTH__)?__TEXT_REGION_LENGTH__:0x20000
                [0x00000800]                __DATA_REGION_LENGTH__ = DEFINED (__DATA_REGION_LENGTH__)?__DATA_REGION_LENGTH__:0xffa0
                [0x00000400]                __EEPROM_REGION_LENGTH__ = DEFINED (__EEPROM_REGION_LENGTH__)?__EEPROM_REGION_LENGTH__:0x10000
                [0x00000002]                __FUSE_REGION_LENGTH__ = DEFINED (__FUSE_REGION_LENGTH__)?__FUSE_REGION_LENGTH__:0x400
                0x00000400                __LOCK_REGION_LENGTH__ = DEFINED (__LOCK_REGION_LENGTH__)?__LOCK_REGION_LENGTH__:0x400
                0x00000400                __SIGNATURE_REGION_LENGTH__ = DEFINED (__SIGNATURE_REGION_LENGTH__)?__SIGNATURE_REGION_LENGTH__:0x400
                0x00000400                __USER_SIGNATURE_REGION_LENGTH__ = DEFINED (__USER_SIGNATURE_REGION_LENGTH__)?__USER_SIGNATURE_REGION_LENGTH__:0x400

.hash
 *(.hash)

.dynsym
 *(.dynsym)

.dynstr
 *(.dynstr)

.gnu.version
 *(.gnu.version)

.gnu.version_d
 *(.gnu.version_d)

.gnu.version_r
 *(.gnu.version_r)

.rel.init
 *(.rel.init)

.rela.init
 *(.rela.init)

.rel.text
 *(.rel.text)
 *(.rel.text.*)
 *(.rel.gnu.linkonce.t*)

.rela.text
 *(.rela.text)
 *(.rela.text.*)
 *(.rela.gnu.linkonce.t*)

.rel.fini
 *(.rel.fini)

.rela.fini
 *(.rela.fini)

.rel.rodata
 *(.rel.rodata)
 *(.rel.rodata.*)
 *(.rel.gnu.linkonce.r*)

.rela.rodata
 *(.rela.rodata)
 *(.rela.rodata.*)
 *(.rela.gnu.linkonce.r*)

.rel.data
 *(.rel.data)
 *(.rel.data.*)
 *(.rel.gnu.linkonce.d*)

.rela.data
 *(.rela.data)
 *(.rela.data.*)
 *(.rela.gnu.linkonce.d*)

.rel.ctors
 *(.rel.ctors)

.rela.ctors
 *(.rela.ctors)

.rel.dtors
 *(.rel.dtors)

.rela.dtors
 *(.rela.dtors)

.rel.got
 *(.rel.got)

.rela.got
 *(.rela.got)

.rel.bss
 *(.rel.bss)

.rela.bss
 *(.rela.bss)

.rel.plt
 *(.rel.plt)

.rela.plt
 *(.rela.plt)

.text           0x00000000     0x113a
 *(.vectors)
 .vectors       0x00000000       0x54 c:/program files (x86)/atmel/studio/7.0/toolchain/avr8/avr8-gnu-toolchain/bin/../lib/gcc/avr/5.4.0/../../../../avr/lib/avr5/crtatmega32.o
                0x00000000                __vector_default
                0x00000000                __vectors
 *(.vectors)
 *(.progmem.gcc*)
 .progmem.gcc_sw_table.TIMER1_Init
                0x00000054       0x10 MCAL/TIMER/TIMER1/src/TIMER1.o
                0x00000064                . = ALIGN (0x2)
                0x00000064                __trampolines_start = .
 *(.trampolines)
 .trampolines   0x00000064        0x0 linker stubs
 *(.trampolines*)
                0x00000064                __trampolines_end = .
 *libprintf_flt.a:*(.progmem.data)
 *libc.a:*(.progmem.data)
 *(.progmem*)
                0x00000064                . = ALIGN (0x2)
 *(.jumptables)
 *(.jumptables*)
 *(.lowtext)
 *(.lowtext*)
                0x00000064                __ctors_start = .
 *(.ctors)
                0x00000064                __ctors_end = .
                0x00000064                __dtors_start = .
 *(.dtors)
                0x00000064                __dtors_end = .
 SORT(*)(.ctors)
 SORT(*)(.dtors)
 *(.init0)
 .init0         0x00000064        0x0 c:/program files (x86)/atmel/studio/7.0/toolchain/avr8/avr8-gnu-toolchain/bin/../lib/gcc/avr/5.4.0/../../../../avr/lib/avr5/crtatmega32.o
                0x00000064                __init
 *(.init0)
 *(.init1)
 *(.init1)
 *(.init2)
 .init2         0x00000064        0xc c:/program files (x86)/atmel/studio/7.0/toolchain/avr8/avr8-gnu-toolchain/bin/../lib/gcc/avr/5.4.0/../../../../avr/lib/avr5/crtatmega32.o
 *(.init2)
 *(.init3)
 *(.init3)
 *(.init4)
 .init4         0x00000070       0x16 c:/program files (x86)/atmel/studio/7.0/toolchain/avr8/avr8-gnu-toolchain/bin/../lib/gcc/avr/5.4.0/avr5\libgcc.a(_copy_data.o)
                0x00000070                __do_copy_data
 .init4         0x00000086       0x10 c:/program files (x86)/atmel/studio/7.0/toolchain/avr8/avr8-gnu-toolchain/bin/../lib/gcc/avr/5.4.0/avr5\libgcc.a(_clear_bss.o)
                0x00000086                __do_clear_bss
 *(.init4)
 *(.init5)
 *(.init5)
 *(.init6)
 *(.init6)
 *(.init7)
 *(.init7)
 *(.init8)
 *(.init8)
 *(.init9)
 .init9         0x00000096        0x8 c:/program files (x86)/atmel/studio/7.0/toolchain/avr8/avr8-gnu-toolchain/bin/../lib/gcc/avr/5.4.0/../../../../avr/lib/avr5/crtatmega32.o
 *(.init9)
 *(.text)
 .text          0x0000009e        0x4 c:/program files (x86)/atmel/studio/7.0/toolchain/avr8/avr8-gnu-toolchain/bin/../lib/gcc/avr/5.4.0/../../../../avr/lib/avr5/crtatmega32.o
                0x0000009e                __vector_12
                0x0000009e                __bad_interrupt
                0x0000009e                __vector_11
                0x0000009e                __vector_13
                0x0000009e                __vector_17
                0x0000009e                __vector_19
                0x0000009e                __vector_5
                0x0000009e                __vector_4
                0x0000009e                __vector_15
                0x0000009e                __vector_14
                0x0000009e                __vector_10
                0x0000009e                __vector_16
                0x0000009e                __vector_18
                0x0000009e                __vector_20
                0x000000a2                . = ALIGN (0x2)
 *(.text.*)
 .text.LCD_Cmd  0x000000a2       0x90 HAL/LCD/src/LCD.o
                0x000000a2                LCD_Cmd
 .text.LCD_Init
                0x00000132       0x42 HAL/LCD/src/LCD.o
                0x00000132                LCD_Init
 .text.LCD_Char
                0x00000174       0x90 HAL/LCD/src/LCD.o
                0x00000174                LCD_Char
 .text.LCD_String
                0x00000204       0x2c HAL/LCD/src/LCD.o
                0x00000204                LCD_String
 .text.Left_Front_Wheel_Forward
                0x00000230       0x12 HAL/Motor/src/motors.o
                0x00000230                Left_Front_Wheel_Forward
 .text.Right_Front_Wheel_Forward
                0x00000242       0x12 HAL/Motor/src/motors.o
                0x00000242                Right_Front_Wheel_Forward
 .text.Left_Back_Wheel_Forward
                0x00000254       0x12 HAL/Motor/src/motors.o
                0x00000254                Left_Back_Wheel_Forward
 .text.Right_Back_Wheel_Forward
                0x00000266       0x12 HAL/Motor/src/motors.o
                0x00000266                Right_Back_Wheel_Forward
 .text.Left_Front_Wheel_Backward
                0x00000278       0x12 HAL/Motor/src/motors.o
                0x00000278                Left_Front_Wheel_Backward
 .text.Right_Front_Wheel_Backward
                0x0000028a       0x12 HAL/Motor/src/motors.o
                0x0000028a                Right_Front_Wheel_Backward
 .text.Left_Back_Wheel_Backward
                0x0000029c       0x12 HAL/Motor/src/motors.o
                0x0000029c                Left_Back_Wheel_Backward
 .text.Right_Back_Wheel_Backward
                0x000002ae       0x12 HAL/Motor/src/motors.o
                0x000002ae                Right_Back_Wheel_Backward
 .text.MOVE_Forward
                0x000002c0       0x1a HAL/Motor/src/motors.o
                0x000002c0                MOVE_Forward
 .text.Stop     0x000002da       0x50 HAL/Motor/src/motors.o
                0x000002da                Stop
 .text.MOVE_Right
                0x0000032a       0x3e HAL/Motor/src/motors.o
                0x0000032a                MOVE_Right
 .text.MOVE_Left
                0x00000368       0x3e HAL/Motor/src/motors.o
                0x00000368                MOVE_Left
 .text.MOVE_Backward
                0x000003a6       0x28 HAL/Motor/src/motors.o
                0x000003a6                MOVE_Backward
 .text.servomotor
                0x000003ce       0x92 HAL/ServoMotor/src/servomotor.o
                0x000003ce                servomotor
 .text.OVF_Counter
                0x00000460       0x28 HAL/ULTRASONIC/src/Ultrasonic.o
                0x00000460                OVF_Counter
 .text.Ultrasonic_Read
                0x00000488       0xd2 HAL/ULTRASONIC/src/Ultrasonic.o
                0x00000488                Ultrasonic_Read
 .text.main     0x0000055a      0x104 main.o
                0x0000055a                main
 .text.DIO_WriteChannel
                0x0000065e      0x104 MCAL/DIO/src/DIO.o
                0x0000065e                DIO_WriteChannel
 .text.DIO_ReadPort
                0x00000762       0x24 MCAL/DIO/src/DIO.o
                0x00000762                DIO_ReadPort
 .text.DIO_WritePort
                0x00000786       0x20 MCAL/DIO/src/DIO.o
                0x00000786                DIO_WritePort
 .text.DIO_ConfigChannel
                0x000007a6      0x104 MCAL/DIO/src/DIO.o
                0x000007a6                DIO_ConfigChannel
 .text.DIO_Init
                0x000008aa      0x102 MCAL/DIO/src/DIO_CFG.o
                0x000008aa                DIO_Init
 .text.__vector_1
                0x000009ac       0x4e MCAL/Ext_Int/src/Ext_Int.o
                0x000009ac                __vector_1
 .text.__vector_2
                0x000009fa       0x4e MCAL/Ext_Int/src/Ext_Int.o
                0x000009fa                __vector_2
 .text.__vector_3
                0x00000a48       0x4e MCAL/Ext_Int/src/Ext_Int.o
                0x00000a48                __vector_3
 .text.GINT_EnableAllInterrupts
                0x00000a96        0x8 MCAL/GINT/src/GINT.o
                0x00000a96                GINT_EnableAllInterrupts
 .text.TIMER1_Init
                0x00000a9e      0x206 MCAL/TIMER/TIMER1/src/TIMER1.o
                0x00000a9e                TIMER1_Init
 .text.TIMER1_TOVInt_SetCallBack
                0x00000ca4        0xa MCAL/TIMER/TIMER1/src/TIMER1.o
                0x00000ca4                TIMER1_TOVInt_SetCallBack
 .text.TIMER1_OCR1A_SetValue
                0x00000cae        0x6 MCAL/TIMER/TIMER1/src/TIMER1.o
                0x00000cae                TIMER1_OCR1A_SetValue
 .text.TIMER1_ICR_SetValue
                0x00000cb4        0x6 MCAL/TIMER/TIMER1/src/TIMER1.o
                0x00000cb4                TIMER1_ICR_SetValue
 .text.__vector_9
                0x00000cba       0x4e MCAL/TIMER/TIMER1/src/TIMER1.o
                0x00000cba                __vector_9
 .text.__vector_7
                0x00000d08       0x4e MCAL/TIMER/TIMER1/src/TIMER1.o
                0x00000d08                __vector_7
 .text.__vector_8
                0x00000d56       0x4e MCAL/TIMER/TIMER1/src/TIMER1.o
                0x00000d56                __vector_8
 .text.__vector_6
                0x00000da4       0x4e MCAL/TIMER/TIMER1/src/TIMER1.o
                0x00000da4                __vector_6
 .text.avr-libc.fplib
                0x00000df2        0x8 c:/program files (x86)/atmel/studio/7.0/toolchain/avr8/avr8-gnu-toolchain/bin/../lib/gcc/avr/5.4.0/../../../../avr/lib/avr5\libm.a(divsf3.o)
                0x00000df2                __divsf3
 .text.avr-libc.fplib
                0x00000dfa       0xdc c:/program files (x86)/atmel/studio/7.0/toolchain/avr8/avr8-gnu-toolchain/bin/../lib/gcc/avr/5.4.0/../../../../avr/lib/avr5\libm.a(divsf3x.o)
                0x00000e1a                __divsf3x
                0x00000e20                __divsf3_pse
 .text.avr-libc.fplib
                0x00000ed6       0x5e c:/program files (x86)/atmel/studio/7.0/toolchain/avr8/avr8-gnu-toolchain/bin/../lib/gcc/avr/5.4.0/../../../../avr/lib/avr5\libm.a(fixunssfsi.o)
                0x00000ed6                __fixunssfsi
 .text.avr-libc.fplib
                0x00000f34       0x7a c:/program files (x86)/atmel/studio/7.0/toolchain/avr8/avr8-gnu-toolchain/bin/../lib/gcc/avr/5.4.0/../../../../avr/lib/avr5\libm.a(floatsisf.o)
                0x00000f34                __floatunsisf
                0x00000f38                __floatsisf
 .text.avr-libc.fplib
                0x00000fae        0xc c:/program files (x86)/atmel/studio/7.0/toolchain/avr8/avr8-gnu-toolchain/bin/../lib/gcc/avr/5.4.0/../../../../avr/lib/avr5\libm.a(fp_inf.o)
                0x00000fae                __fp_inf
 .text.avr-libc.fplib
                0x00000fba        0x6 c:/program files (x86)/atmel/studio/7.0/toolchain/avr8/avr8-gnu-toolchain/bin/../lib/gcc/avr/5.4.0/../../../../avr/lib/avr5\libm.a(fp_nan.o)
                0x00000fba                __fp_nan
 .text.avr-libc.fplib
                0x00000fc0        0xe c:/program files (x86)/atmel/studio/7.0/toolchain/avr8/avr8-gnu-toolchain/bin/../lib/gcc/avr/5.4.0/../../../../avr/lib/avr5\libm.a(fp_pscA.o)
                0x00000fc0                __fp_pscA
 .text.avr-libc.fplib
                0x00000fce        0xe c:/program files (x86)/atmel/studio/7.0/toolchain/avr8/avr8-gnu-toolchain/bin/../lib/gcc/avr/5.4.0/../../../../avr/lib/avr5\libm.a(fp_pscB.o)
                0x00000fce                __fp_pscB
 .text.avr-libc.fplib
                0x00000fdc       0x22 c:/program files (x86)/atmel/studio/7.0/toolchain/avr8/avr8-gnu-toolchain/bin/../lib/gcc/avr/5.4.0/../../../../avr/lib/avr5\libm.a(fp_round.o)
                0x00000fdc                __fp_round
 .text.avr-libc.fplib
                0x00000ffe       0x44 c:/program files (x86)/atmel/studio/7.0/toolchain/avr8/avr8-gnu-toolchain/bin/../lib/gcc/avr/5.4.0/../../../../avr/lib/avr5\libm.a(fp_split3.o)
                0x00000ffe                __fp_split3
                0x0000100e                __fp_splitA
 .text.avr-libc.fplib
                0x00001042        0xe c:/program files (x86)/atmel/studio/7.0/toolchain/avr8/avr8-gnu-toolchain/bin/../lib/gcc/avr/5.4.0/../../../../avr/lib/avr5\libm.a(fp_zero.o)
                0x00001042                __fp_zero
                0x00001044                __fp_szero
 .text.avr-libc.fplib
                0x00001050        0x8 c:/program files (x86)/atmel/studio/7.0/toolchain/avr8/avr8-gnu-toolchain/bin/../lib/gcc/avr/5.4.0/../../../../avr/lib/avr5\libm.a(mulsf3.o)
                0x00001050                __mulsf3
 .text.avr-libc.fplib
                0x00001058       0xd2 c:/program files (x86)/atmel/studio/7.0/toolchain/avr8/avr8-gnu-toolchain/bin/../lib/gcc/avr/5.4.0/../../../../avr/lib/avr5\libm.a(mulsf3x.o)
                0x00001076                __mulsf3x
                0x0000107c                __mulsf3_pse
 .text.libgcc   0x0000112a        0xc c:/program files (x86)/atmel/studio/7.0/toolchain/avr8/avr8-gnu-toolchain/bin/../lib/gcc/avr/5.4.0/avr5\libgcc.a(_tablejump2.o)
                0x0000112a                __tablejump2__
                0x00001136                . = ALIGN (0x2)
 *(.fini9)
 .fini9         0x00001136        0x0 c:/program files (x86)/atmel/studio/7.0/toolchain/avr8/avr8-gnu-toolchain/bin/../lib/gcc/avr/5.4.0/avr5\libgcc.a(_exit.o)
                0x00001136                _exit
                0x00001136                exit
 *(.fini9)
 *(.fini8)
 *(.fini8)
 *(.fini7)
 *(.fini7)
 *(.fini6)
 *(.fini6)
 *(.fini5)
 *(.fini5)
 *(.fini4)
 *(.fini4)
 *(.fini3)
 *(.fini3)
 *(.fini2)
 *(.fini2)
 *(.fini1)
 *(.fini1)
 *(.fini0)
 .fini0         0x00001136        0x4 c:/program files (x86)/atmel/studio/7.0/toolchain/avr8/avr8-gnu-toolchain/bin/../lib/gcc/avr/5.4.0/avr5\libgcc.a(_exit.o)
 *(.fini0)
                0x0000113a                _etext = .

.data           0x00800060       0x76 load address 0x0000113a
                0x00800060                PROVIDE (__data_start, .)
 *(.data)
 *(.data*)
 .data.PinCfg   0x00800060       0x40 MCAL/DIO/src/DIO_CFG.o
                0x00800060                PinCfg
 *(.gnu.linkonce.d*)
 *(.rodata)
 .rodata        0x008000a0        0x8 HAL/ServoMotor/src/servomotor.o
 *(.rodata*)
 .rodata.str1.1
                0x008000a8       0x2d HAL/Motor/src/motors.o
 *(.gnu.linkonce.r*)
                0x008000d6                . = ALIGN (0x2)
 *fill*         0x008000d5        0x1 
                0x008000d6                _edata = .
                0x008000d6                PROVIDE (__data_end, .)

.bss            0x008000d6       0x14
                0x008000d6                PROVIDE (__bss_start, .)
 *(.bss)
 *(.bss*)
 .bss.L_Distance
                0x008000d6        0x1 main.o
                0x008000d6                L_Distance
 .bss.R_Distance
                0x008000d7        0x1 main.o
                0x008000d7                R_Distance
 .bss.ExtInt2FunPtr
                0x008000d8        0x2 MCAL/Ext_Int/src/Ext_Int.o
                0x008000d8                ExtInt2FunPtr
 .bss.ExtInt1FunPtr
                0x008000da        0x2 MCAL/Ext_Int/src/Ext_Int.o
                0x008000da                ExtInt1FunPtr
 .bss.ExtInt0FunPtr
                0x008000dc        0x2 MCAL/Ext_Int/src/Ext_Int.o
                0x008000dc                ExtInt0FunPtr
 .bss.Timer1_ICUIntFunPtr
                0x008000de        0x2 MCAL/TIMER/TIMER1/src/TIMER1.o
                0x008000de                Timer1_ICUIntFunPtr
 .bss.Timer1_OC1BIntFunPtr
                0x008000e0        0x2 MCAL/TIMER/TIMER1/src/TIMER1.o
                0x008000e0                Timer1_OC1BIntFunPtr
 .bss.Timer1_OC1AIntFunPtr
                0x008000e2        0x2 MCAL/TIMER/TIMER1/src/TIMER1.o
                0x008000e2                Timer1_OC1AIntFunPtr
 .bss.Timer1_TOVIntFunPtr
                0x008000e4        0x2 MCAL/TIMER/TIMER1/src/TIMER1.o
                0x008000e4                Timer1_TOVIntFunPtr
 *(COMMON)
 COMMON         0x008000e6        0x4 HAL/ULTRASONIC/src/Ultrasonic.o
                0x008000e6                OVF_Count
                0x008000ea                PROVIDE (__bss_end, .)
                0x0000113a                __data_load_start = LOADADDR (.data)
                0x000011b0                __data_load_end = (__data_load_start + SIZEOF (.data))

.noinit         0x008000ea        0x0
                [!provide]                PROVIDE (__noinit_start, .)
 *(.noinit*)
                [!provide]                PROVIDE (__noinit_end, .)
                0x008000ea                _end = .
                [!provide]                PROVIDE (__heap_start, .)

.eeprom         0x00810000        0x0
 *(.eeprom*)
                0x00810000                __eeprom_end = .

.fuse
 *(.fuse)
 *(.lfuse)
 *(.hfuse)
 *(.efuse)

.lock
 *(.lock*)

.signature
 *(.signature*)

.user_signatures
 *(.user_signatures*)

.stab
 *(.stab)

.stabstr
 *(.stabstr)

.stab.excl
 *(.stab.excl)

.stab.exclstr
 *(.stab.exclstr)

.stab.index
 *(.stab.index)

.stab.indexstr
 *(.stab.indexstr)

.comment        0x00000000       0x30
 *(.comment)
 .comment       0x00000000       0x30 HAL/LCD/src/LCD.o
                                 0x31 (size before relaxing)
 .comment       0x00000030       0x31 HAL/Motor/src/motors.o
 .comment       0x00000030       0x31 HAL/ServoMotor/src/servomotor.o
 .comment       0x00000030       0x31 HAL/ULTRASONIC/src/Ultrasonic.o
 .comment       0x00000030       0x31 main.o
 .comment       0x00000030       0x31 MCAL/DIO/src/DIO.o
 .comment       0x00000030       0x31 MCAL/DIO/src/DIO_CFG.o
 .comment       0x00000030       0x31 MCAL/Ext_Int/src/Ext_Int.o
 .comment       0x00000030       0x31 MCAL/GINT/src/GINT.o
 .comment       0x00000030       0x31 MCAL/TIMER/TIMER1/src/TIMER1.o

.note.gnu.avr.deviceinfo
                0x00000000       0x3c
 .note.gnu.avr.deviceinfo
                0x00000000       0x3c c:/program files (x86)/atmel/studio/7.0/toolchain/avr8/avr8-gnu-toolchain/bin/../lib/gcc/avr/5.4.0/../../../../avr/lib/avr5/crtatmega32.o

.note.gnu.build-id
 *(.note.gnu.build-id)

.debug
 *(.debug)

.line
 *(.line)

.debug_srcinfo
 *(.debug_srcinfo)

.debug_sfnames
 *(.debug_sfnames)

.debug_aranges  0x00000000      0x290
 *(.debug_aranges)
 .debug_aranges
                0x00000000       0x48 HAL/LCD/src/LCD.o
 .debug_aranges
                0x00000048       0x80 HAL/Motor/src/motors.o
 .debug_aranges
                0x000000c8       0x20 HAL/ServoMotor/src/servomotor.o
 .debug_aranges
                0x000000e8       0x28 HAL/ULTRASONIC/src/Ultrasonic.o
 .debug_aranges
                0x00000110       0x20 main.o
 .debug_aranges
                0x00000130       0x50 MCAL/DIO/src/DIO.o
 .debug_aranges
                0x00000180       0x20 MCAL/DIO/src/DIO_CFG.o
 .debug_aranges
                0x000001a0       0x50 MCAL/Ext_Int/src/Ext_Int.o
 .debug_aranges
                0x000001f0       0x28 MCAL/GINT/src/GINT.o
 .debug_aranges
                0x00000218       0x78 MCAL/TIMER/TIMER1/src/TIMER1.o

.debug_pubnames
 *(.debug_pubnames)

.debug_info     0x00000000     0x320f
 *(.debug_info .gnu.linkonce.wi.*)
 .debug_info    0x00000000      0x4e6 c:/program files (x86)/atmel/studio/7.0/toolchain/avr8/avr8-gnu-toolchain/bin/../lib/gcc/avr/5.4.0/../../../../avr/lib/avr5/crtatmega32.o
 .debug_info    0x000004e6      0x807 HAL/LCD/src/LCD.o
 .debug_info    0x00000ced      0x77f HAL/Motor/src/motors.o
 .debug_info    0x0000146c      0x432 HAL/ServoMotor/src/servomotor.o
 .debug_info    0x0000189e      0x541 HAL/ULTRASONIC/src/Ultrasonic.o
 .debug_info    0x00001ddf      0x506 main.o
 .debug_info    0x000022e5      0x3ab MCAL/DIO/src/DIO.o
 .debug_info    0x00002690      0x24f MCAL/DIO/src/DIO_CFG.o
 .debug_info    0x000028df      0x222 MCAL/Ext_Int/src/Ext_Int.o
 .debug_info    0x00002b01       0x8a MCAL/GINT/src/GINT.o
 .debug_info    0x00002b8b      0x684 MCAL/TIMER/TIMER1/src/TIMER1.o

.debug_abbrev   0x00000000      0xf14
 *(.debug_abbrev)
 .debug_abbrev  0x00000000      0x4a3 c:/program files (x86)/atmel/studio/7.0/toolchain/avr8/avr8-gnu-toolchain/bin/../lib/gcc/avr/5.4.0/../../../../avr/lib/avr5/crtatmega32.o
 .debug_abbrev  0x000004a3      0x1a9 HAL/LCD/src/LCD.o
 .debug_abbrev  0x0000064c      0x114 HAL/Motor/src/motors.o
 .debug_abbrev  0x00000760      0x11a HAL/ServoMotor/src/servomotor.o
 .debug_abbrev  0x0000087a      0x170 HAL/ULTRASONIC/src/Ultrasonic.o
 .debug_abbrev  0x000009ea      0x13d main.o
 .debug_abbrev  0x00000b27       0xdd MCAL/DIO/src/DIO.o
 .debug_abbrev  0x00000c04       0xbb MCAL/DIO/src/DIO_CFG.o
 .debug_abbrev  0x00000cbf       0xcf MCAL/Ext_Int/src/Ext_Int.o
 .debug_abbrev  0x00000d8e       0x46 MCAL/GINT/src/GINT.o
 .debug_abbrev  0x00000dd4      0x140 MCAL/TIMER/TIMER1/src/TIMER1.o

.debug_line     0x00000000     0x16e9
 *(.debug_line .debug_line.* .debug_line_end)
 .debug_line    0x00000000       0x1a c:/program files (x86)/atmel/studio/7.0/toolchain/avr8/avr8-gnu-toolchain/bin/../lib/gcc/avr/5.4.0/../../../../avr/lib/avr5/crtatmega32.o
 .debug_line    0x0000001a      0x323 HAL/LCD/src/LCD.o
 .debug_line    0x0000033d      0x387 HAL/Motor/src/motors.o
 .debug_line    0x000006c4       0xf7 HAL/ServoMotor/src/servomotor.o
 .debug_line    0x000007bb      0x288 HAL/ULTRASONIC/src/Ultrasonic.o
 .debug_line    0x00000a43      0x2c4 main.o
 .debug_line    0x00000d07      0x2ae MCAL/DIO/src/DIO.o
 .debug_line    0x00000fb5      0x102 MCAL/DIO/src/DIO_CFG.o
 .debug_line    0x000010b7      0x1ba MCAL/Ext_Int/src/Ext_Int.o
 .debug_line    0x00001271       0x79 MCAL/GINT/src/GINT.o
 .debug_line    0x000012ea      0x3ff MCAL/TIMER/TIMER1/src/TIMER1.o

.debug_frame    0x00000000      0x664
 *(.debug_frame)
 .debug_frame   0x00000000       0xa8 HAL/LCD/src/LCD.o
 .debug_frame   0x000000a8       0xe4 HAL/Motor/src/motors.o
 .debug_frame   0x0000018c       0x48 HAL/ServoMotor/src/servomotor.o
 .debug_frame   0x000001d4       0x34 HAL/ULTRASONIC/src/Ultrasonic.o
 .debug_frame   0x00000208       0x24 main.o
 .debug_frame   0x0000022c       0x84 MCAL/DIO/src/DIO.o
 .debug_frame   0x000002b0       0x24 MCAL/DIO/src/DIO_CFG.o
 .debug_frame   0x000002d4      0x15c MCAL/Ext_Int/src/Ext_Int.o
 .debug_frame   0x00000430       0x34 MCAL/GINT/src/GINT.o
 .debug_frame   0x00000464      0x200 MCAL/TIMER/TIMER1/src/TIMER1.o

.debug_str      0x00000000     0x106e
 *(.debug_str)
 .debug_str     0x00000000      0x196 c:/program files (x86)/atmel/studio/7.0/toolchain/avr8/avr8-gnu-toolchain/bin/../lib/gcc/avr/5.4.0/../../../../avr/lib/avr5/crtatmega32.o
 .debug_str     0x00000196      0x436 HAL/LCD/src/LCD.o
                                0x46f (size before relaxing)
 .debug_str     0x000005cc      0x158 HAL/Motor/src/motors.o
                                0x4cc (size before relaxing)
 .debug_str     0x00000724      0x32b HAL/ServoMotor/src/servomotor.o
                                0x661 (size before relaxing)
 .debug_str     0x00000a4f      0x1f8 HAL/ULTRASONIC/src/Ultrasonic.o
                                0x5a2 (size before relaxing)
 .debug_str     0x00000c47       0x49 main.o
                                0x440 (size before relaxing)
 .debug_str     0x00000c90       0xc4 MCAL/DIO/src/DIO.o
                                0x457 (size before relaxing)
 .debug_str     0x00000d54       0x3b MCAL/DIO/src/DIO_CFG.o
                                0x3de (size before relaxing)
 .debug_str     0x00000d8f      0x13d MCAL/Ext_Int/src/Ext_Int.o
                                0x2b3 (size before relaxing)
 .debug_str     0x00000ecc       0x32 MCAL/GINT/src/GINT.o
                                0x18b (size before relaxing)
 .debug_str     0x00000efe      0x170 MCAL/TIMER/TIMER1/src/TIMER1.o
                                0x6f6 (size before relaxing)

.debug_loc      0x00000000     0x1a28
 *(.debug_loc)
 .debug_loc     0x00000000      0x5a4 HAL/LCD/src/LCD.o
 .debug_loc     0x000005a4      0x168 HAL/Motor/src/motors.o
 .debug_loc     0x0000070c      0x116 HAL/ServoMotor/src/servomotor.o
 .debug_loc     0x00000822       0xab HAL/ULTRASONIC/src/Ultrasonic.o
 .debug_loc     0x000008cd      0x168 main.o
 .debug_loc     0x00000a35      0x776 MCAL/DIO/src/DIO.o
 .debug_loc     0x000011ab      0x134 MCAL/DIO/src/DIO_CFG.o
 .debug_loc     0x000012df      0x3b8 MCAL/Ext_Int/src/Ext_Int.o
 .debug_loc     0x00001697      0x391 MCAL/TIMER/TIMER1/src/TIMER1.o

.debug_macinfo
 *(.debug_macinfo)

.debug_weaknames
 *(.debug_weaknames)

.debug_funcnames
 *(.debug_funcnames)

.debug_typenames
 *(.debug_typenames)

.debug_varnames
 *(.debug_varnames)

.debug_pubtypes
 *(.debug_pubtypes)

.debug_ranges   0x00000000      0x1f0
 *(.debug_ranges)
 .debug_ranges  0x00000000       0x38 HAL/LCD/src/LCD.o
 .debug_ranges  0x00000038       0x70 HAL/Motor/src/motors.o
 .debug_ranges  0x000000a8       0x10 HAL/ServoMotor/src/servomotor.o
 .debug_ranges  0x000000b8       0x18 HAL/ULTRASONIC/src/Ultrasonic.o
 .debug_ranges  0x000000d0       0x10 main.o
 .debug_ranges  0x000000e0       0x40 MCAL/DIO/src/DIO.o
 .debug_ranges  0x00000120       0x10 MCAL/DIO/src/DIO_CFG.o
 .debug_ranges  0x00000130       0x40 MCAL/Ext_Int/src/Ext_Int.o
 .debug_ranges  0x00000170       0x18 MCAL/GINT/src/GINT.o
 .debug_ranges  0x00000188       0x68 MCAL/TIMER/TIMER1/src/TIMER1.o

.debug_macro
 *(.debug_macro)
OUTPUT(OCT22_Interfacing.elf elf32-avr)
LOAD linker stubs
